// Jest Snapshot v1, https://goo.gl/fbAQLP

exports[`Test the app-shell component should match the snapshots 1`] = `
Object {
  "asFragment": [Function],
  "baseElement": <body>
    <div>
      <div>
        <div
          class="sc-bxivhb iESyTA sc-bdVaJa cTyYxe"
        >
          <div
            class="sc-bdVaJa bZTbev"
            direction="column"
            width="90%"
          >
            <h1
              class="sc-bwzfXH fwGeXu"
            >
              Wallet
              <span
                class="sc-htpNat kUfHpA"
              >
                r
              </span>
            </h1>
          </div>
        </div>
        <div
          class="sc-bdVaJa cMTSTG"
          direction="column"
          width="90%"
        />
      </div>
    </div>
  </body>,
  "container": <div>
    <div>
      <div
        class="sc-bxivhb iESyTA sc-bdVaJa cTyYxe"
      >
        <div
          class="sc-bdVaJa bZTbev"
          direction="column"
          width="90%"
        >
          <h1
            class="sc-bwzfXH fwGeXu"
          >
            Wallet
            <span
              class="sc-htpNat kUfHpA"
            >
              r
            </span>
          </h1>
        </div>
      </div>
      <div
        class="sc-bdVaJa cMTSTG"
        direction="column"
        width="90%"
      />
    </div>
  </div>,
  "debug": [Function],
  "findAllByAltText": [Function],
  "findAllByDisplayValue": [Function],
  "findAllByLabelText": [Function],
  "findAllByPlaceholderText": [Function],
  "findAllByRole": [Function],
  "findAllByTestId": [Function],
  "findAllByText": [Function],
  "findAllByTitle": [Function],
  "findByAltText": [Function],
  "findByDisplayValue": [Function],
  "findByLabelText": [Function],
  "findByPlaceholderText": [Function],
  "findByRole": [Function],
  "findByTestId": [Function],
  "findByText": [Function],
  "findByTitle": [Function],
  "getAllByAltText": [Function],
  "getAllByDisplayValue": [Function],
  "getAllByLabelText": [Function],
  "getAllByPlaceholderText": [Function],
  "getAllByRole": [Function],
  "getAllByTestId": [Function],
  "getAllByText": [Function],
  "getAllByTitle": [Function],
  "getByAltText": [Function],
  "getByDisplayValue": [Function],
  "getByLabelText": [Function],
  "getByPlaceholderText": [Function],
  "getByRole": [Function],
  "getByTestId": [Function],
  "getByText": [Function],
  "getByTitle": [Function],
  "queryAllByAltText": [Function],
  "queryAllByDisplayValue": [Function],
  "queryAllByLabelText": [Function],
  "queryAllByPlaceholderText": [Function],
  "queryAllByRole": [Function],
  "queryAllByTestId": [Function],
  "queryAllByText": [Function],
  "queryAllByTitle": [Function],
  "queryByAltText": [Function],
  "queryByDisplayValue": [Function],
  "queryByLabelText": [Function],
  "queryByPlaceholderText": [Function],
  "queryByRole": [Function],
  "queryByTestId": [Function],
  "queryByText": [Function],
  "queryByTitle": [Function],
  "rerender": [Function],
  "unmount": [Function],
}
`;
